Archive member included to satisfy reference by file (symbol)

../Raspberry Metal Lib/libcircle.a(actled.o)
                              kernel.o (CActLED::~CActLED())
../Raspberry Metal Lib/libcircle.a(bcmpropertytags.o)
                              ../Raspberry Metal Lib/libcircle.a(actled.o) (CBcmPropertyTags::CBcmPropertyTags())
../Raspberry Metal Lib/libcircle.a(gpiopin.o)
                              ../Raspberry Metal Lib/libcircle.a(actled.o) (CGPIOPin::Write(unsigned int))
../Raspberry Metal Lib/libcircle.a(memory.o)
                              kernel.o (CMemorySystem::~CMemorySystem())
../Raspberry Metal Lib/libcircle.a(new.o)
                              ../Raspberry Metal Lib/libcircle.a(actled.o) (operator new(unsigned int))
../Raspberry Metal Lib/libcircle.a(synchronize.o)
                              ../Raspberry Metal Lib/libcircle.a(gpiopin.o) (EnterCritical)
../Raspberry Metal Lib/libcircle.a(sysinit.o)
                              main.o (halt)
../Raspberry Metal Lib/libcircle.a(timer.o)
                              ../Raspberry Metal Lib/libcircle.a(actled.o) (CTimer::SimpleMsDelay(unsigned int))
../Raspberry Metal Lib/libcircle.a(util_fast.o)
                              kernel.o (memcpy)
../Raspberry Metal Lib/libcircle.a(koptions.o)
                              kernel.o (CKernelOptions::~CKernelOptions())
../Raspberry Metal Lib/libcircle.a(pagetable.o)
                              ../Raspberry Metal Lib/libcircle.a(memory.o) (CPageTable::CPageTable())
../Raspberry Metal Lib/libcircle.a(screen.o)
                              kernel.o (CScreenDevice::Initialize())
../Raspberry Metal Lib/libcircle.a(ScreenDeviceExt.o)
                              kernel.o (CScreenDeviceExt::~CScreenDeviceExt())
../Raspberry Metal Lib/libcircle.a(assert.o)
                              ../Raspberry Metal Lib/libcircle.a(bcmpropertytags.o) (assertion_failed)
../Raspberry Metal Lib/libcircle.a(chargenerator.o)
                              ../Raspberry Metal Lib/libcircle.a(screen.o) (CCharGenerator::CCharGenerator())
../Raspberry Metal Lib/libcircle.a(debug.o)
                              ../Raspberry Metal Lib/libcircle.a(assert.o) (debug_stacktrace(unsigned int const*, char const*))
../Raspberry Metal Lib/libcircle.a(devicenameservice.o)
                              kernel.o (CDeviceNameService::CDeviceNameService())
../Raspberry Metal Lib/libcircle.a(logger.o)
                              ../Raspberry Metal Lib/libcircle.a(timer.o) (CLogger::Get())
../Raspberry Metal Lib/libcircle.a(string.o)
                              kernel.o (CString::~CString())
../Raspberry Metal Lib/libcircle.a(delayloop.o)
                              ../Raspberry Metal Lib/libcircle.a(timer.o) (DelayLoop)
../Raspberry Metal Lib/libcircle.a(interrupt.o)
                              ../Raspberry Metal Lib/libcircle.a(timer.o) (CInterruptSystem::ConnectIRQ(unsigned int, void (*)(void*), void*))
../Raspberry Metal Lib/libcircle.a(gpiomanager.o)
                              ../Raspberry Metal Lib/libcircle.a(gpiopin.o) (CGPIOManager::ConnectInterrupt(CGPIOPin*))
../Raspberry Metal Lib/libcircle.a(virtualgpiopin.o)
                              ../Raspberry Metal Lib/libcircle.a(actled.o) (CVirtualGPIOPin::Write(unsigned int))
../Raspberry Metal Lib/libcircle.a(machineinfo.o)
                              ../Raspberry Metal Lib/libcircle.a(sysinit.o) (CMachineInfo::CMachineInfo())
../Raspberry Metal Lib/libcircle.a(ptrlist.o)
                              ../Raspberry Metal Lib/libcircle.a(timer.o) (CPtrList::CPtrList())
../Raspberry Metal Lib/libcircle.a(alloc.o)
                              ../Raspberry Metal Lib/libcircle.a(memory.o) (mem_init)
../Raspberry Metal Lib/libcircle.a(bcmmailbox.o)
                              ../Raspberry Metal Lib/libcircle.a(bcmpropertytags.o) (CBcmMailBox::CBcmMailBox(unsigned int))
../Raspberry Metal Lib/libcircle.a(libstub.o)
                              ../Raspberry Metal Lib/libcircle.a(timer.o) (__aeabi_uidiv)
../Raspberry Metal Lib/libcircle.a(util.o)
                              ../Raspberry Metal Lib/libcircle.a(screen.o) (memset)
../Raspberry Metal Lib/libcircle.a(bcmframebuffer.o)
                              ../Raspberry Metal Lib/libcircle.a(screen.o) (CBcmFrameBuffer::CBcmFrameBuffer(unsigned int, unsigned int, unsigned int, unsigned int, unsigned int))
../Raspberry Metal Lib/libcircle.a(device.o)
                              ../Raspberry Metal Lib/libcircle.a(screen.o) (CDevice::~CDevice())
../Raspberry Metal Lib/libcircle.a(exceptionstub.o)
                              ../Raspberry Metal Lib/libcircle.a(interrupt.o) (IRQStub)
../Raspberry Metal Lib/libcircle.a(libhelper.o)
                              ../Raspberry Metal Lib/libcircle.a(libstub.o) (__Divide)
../Raspberry Metal Lib/libcircle.a(exceptionhandler.o)
                              ../Raspberry Metal Lib/libcircle.a(libhelper.o) (CExceptionHandler::Throw(unsigned int))

Memory Configuration

Name             Origin             Length             Attributes
*default*        0x00000000         0xffffffff

Linker script and memory map

                0x00008000                . = 0x8000

.text           0x00008000     0x80d4
 *(.text*)
 .text          0x00008000       0x5c ../Raspberry Metal Lib/startup.o
                0x00008000                _start
 .text          0x0000805c        0x0 main.o
 .text.startup  0x0000805c       0x68 main.o
                0x0000805c                main
 *fill*         0x000080c4        0x4 
 .text          0x000080c8      0x810 kernel.o
                0x000080c8                isine(double)
                0x0000823c                icosine(double)
                0x00008250                CKernel::CKernel()
                0x00008250                CKernel::CKernel()
                0x000082b4                CKernel::Initialize()
                0x000082c0                fact(int)
                0x000082e0                pow(float, int)
                0x0000830c                sine(float)
                0x00008374                CKernel::~CKernel()
                0x00008374                CKernel::~CKernel()
                0x000083b4                CKernel::writeln(CString)
                0x00008400                CKernel::Run()
 .text          0x000088d8      0x214 ../Raspberry Metal Lib/libcircle.a(actled.o)
                0x000088d8                CActLED::~CActLED()
                0x000088d8                CActLED::~CActLED()
                0x000088ec                CActLED::On()
                0x0000892c                CActLED::Off()
                0x0000896c                CActLED::CActLED()
                0x0000896c                CActLED::CActLED()
                0x00008a8c                CActLED::Blink(unsigned int, unsigned int, unsigned int)
                0x00008adc                CActLED::Get()
 .text          0x00008aec      0x1cc ../Raspberry Metal Lib/libcircle.a(bcmpropertytags.o)
                0x00008aec                CBcmPropertyTags::CBcmPropertyTags()
                0x00008aec                CBcmPropertyTags::CBcmPropertyTags()
                0x00008b04                CBcmPropertyTags::~CBcmPropertyTags()
                0x00008b04                CBcmPropertyTags::~CBcmPropertyTags()
                0x00008b18                CBcmPropertyTags::GetTags(void*, unsigned int)
                0x00008c0c                CBcmPropertyTags::GetTag(unsigned int, void*, unsigned int, unsigned int)
 .text          0x00008cb8      0xde8 ../Raspberry Metal Lib/libcircle.a(gpiopin.o)
                0x00008cb8                CGPIOPin::~CGPIOPin()
                0x00008cb8                CGPIOPin::~CGPIOPin()
                0x00008cbc                CGPIOPin::~CGPIOPin()
                0x00008cd0                CGPIOPin::Write(unsigned int)
                0x00008d94                CGPIOPin::Read() const
                0x00008e30                CGPIOPin::Invert()
                0x00008e70                CGPIOPin::ConnectInterrupt(void (*)(void*), void*)
                0x00008f70                CGPIOPin::DisconnectInterrupt()
                0x0000904c                CGPIOPin::EnableInterrupt(TGPIOInterrupt)
                0x000091c4                CGPIOPin::DisableInterrupt()
                0x000092b0                CGPIOPin::EnableInterrupt2(TGPIOInterrupt)
                0x00009434                CGPIOPin::DisableInterrupt2()
                0x00009524                CGPIOPin::SetPullUpMode(unsigned int)
                0x00009600                CGPIOPin::SetAlternateFunction(unsigned int)
                0x000096d0                CGPIOPin::SetMode(TGPIOMode, int)
                0x0000989c                CGPIOPin::CGPIOPin(unsigned int, TGPIOMode, CGPIOManager*)
                0x0000989c                CGPIOPin::CGPIOPin(unsigned int, TGPIOMode, CGPIOManager*)
                0x00009930                CGPIOPin::InterruptHandler()
                0x000099e4                CGPIOPin::DisableAllInterrupts(unsigned int)
 .text.startup  0x00009aa0       0x14 ../Raspberry Metal Lib/libcircle.a(gpiopin.o)
 .text          0x00009ab4      0x390 ../Raspberry Metal Lib/libcircle.a(memory.o)
                0x00009ab4                CMemorySystem::~CMemorySystem()
                0x00009ab4                CMemorySystem::~CMemorySystem()
                0x00009b2c                CMemorySystem::GetMemSize() const
                0x00009b34                CMemorySystem::SetPageTable0(CPageTable*, unsigned int)
                0x00009ba0                CMemorySystem::SetPageTable0(unsigned int, unsigned int)
                0x00009bf4                CMemorySystem::GetTTBR0() const
                0x00009c24                CMemorySystem::GetContextID() const
                0x00009c54                CMemorySystem::EnableMMU()
                0x00009d60                CMemorySystem::CMemorySystem(int)
                0x00009d60                CMemorySystem::CMemorySystem(int)
 .text          0x00009e44       0x10 ../Raspberry Metal Lib/libcircle.a(new.o)
                0x00009e44                operator new(unsigned int)
                0x00009e48                operator new[](unsigned int)
                0x00009e4c                operator delete(void*)
                0x00009e50                operator delete[](void*)
 .text          0x00009e54      0x100 ../Raspberry Metal Lib/libcircle.a(synchronize.o)
                0x00009e54                EnterCritical
                0x00009e90                LeaveCritical
                0x00009ef8                CleanAndInvalidateDataCacheRange
                0x00009f34                SyncDataAndInstructionCache
 .text          0x00009f54       0xe8 ../Raspberry Metal Lib/libcircle.a(sysinit.o)
                0x00009f54                __aeabi_atexit
                0x00009f58                halt
                0x00009f60                reboot
                0x00009f8c                sysinit
 .text          0x0000a03c      0xbd0 ../Raspberry Metal Lib/libcircle.a(timer.o)
                0x0000a074                CTimer::CTimer(CInterruptSystem*)
                0x0000a074                CTimer::CTimer(CInterruptSystem*)
                0x0000a0f8                CTimer::~CTimer()
                0x0000a0f8                CTimer::~CTimer()
                0x0000a1d0                CTimer::SetTimeZone(int)
                0x0000a1f4                CTimer::GetTimeZone() const
                0x0000a1fc                CTimer::SetTime(unsigned int, int)
                0x0000a278                CTimer::GetClockTicks()
                0x0000a294                CTimer::GetTicks() const
                0x0000a29c                CTimer::GetUptime() const
                0x0000a2a4                CTimer::GetTime() const
                0x0000a2ac                CTimer::GetUniversalTime() const
                0x0000a2cc                CTimer::GetTimeString()
                0x0000a4f0                CTimer::StartKernelTimer(unsigned int, void (*)(unsigned int, void*, void*), void*, void*)
                0x0000a638                CTimer::CancelKernelTimer(unsigned int)
                0x0000a6f0                CTimer::PollKernelTimers()
                0x0000a850                CTimer::InterruptHandler()
                0x0000a97c                CTimer::InterruptHandler(void*)
                0x0000a9bc                CTimer::TuneMsDelay()
                0x0000aa64                CTimer::Initialize()
                0x0000aaec                CTimer::SimpleMsDelay(unsigned int)
                0x0000ab08                CTimer::SimpleusDelay(unsigned int)
                0x0000ab14                CTimer::IsLeapYear(unsigned int)
                0x0000ab60                CTimer::GetDaysOfMonth(unsigned int, unsigned int)
                0x0000abd0                CTimer::Get()
 .text          0x0000ac0c       0x5c ../Raspberry Metal Lib/libcircle.a(util_fast.o)
                0x0000ac0c                memcpy
 .text          0x0000ac68      0x4e0 ../Raspberry Metal Lib/libcircle.a(koptions.o)
                0x0000accc                CKernelOptions::~CKernelOptions()
                0x0000accc                CKernelOptions::~CKernelOptions()
                0x0000ace0                CKernelOptions::GetWidth() const
                0x0000ace8                CKernelOptions::GetHeight() const
                0x0000acf0                CKernelOptions::GetLogDevice() const
                0x0000acfc                CKernelOptions::GetLogLevel() const
                0x0000ad04                CKernelOptions::GetKeyMap() const
                0x0000ad0c                CKernelOptions::GetUSBPowerDelay() const
                0x0000ad14                CKernelOptions::GetCPUSpeed() const
                0x0000ad1c                CKernelOptions::GetSoCMaxTemp() const
                0x0000ad24                CKernelOptions::Get()
                0x0000ad34                CKernelOptions::GetToken()
                0x0000ada8                CKernelOptions::CKernelOptions()
                0x0000ada8                CKernelOptions::CKernelOptions()
                0x0000b0f0                CKernelOptions::GetOptionValue(char*)
                0x0000b128                CKernelOptions::GetDecimal(char*)
 .text          0x0000b148      0x1f0 ../Raspberry Metal Lib/libcircle.a(pagetable.o)
                0x0000b148                CPageTable::CPageTable()
                0x0000b148                CPageTable::CPageTable()
                0x0000b1e4                CPageTable::CPageTable(unsigned int)
                0x0000b1e4                CPageTable::CPageTable(unsigned int)
                0x0000b308                CPageTable::~CPageTable()
                0x0000b308                CPageTable::~CPageTable()
                0x0000b32c                CPageTable::GetBaseAddress() const
 .text          0x0000b338     0x12b4 ../Raspberry Metal Lib/libcircle.a(screen.o)
                0x0000b338                CScreenDevice::~CScreenDevice()
                0x0000b338                CScreenDevice::~CScreenDevice()
                0x0000b3ac                CScreenDevice::~CScreenDevice()
                0x0000b47c                CScreenDevice::CScreenDevice(unsigned int, unsigned int, int)
                0x0000b47c                CScreenDevice::CScreenDevice(unsigned int, unsigned int, int)
                0x0000b4f4                CScreenDevice::Clear()
                0x0000b57c                CScreenDevice::GetWidth() const
                0x0000b584                CScreenDevice::GetHeight() const
                0x0000b58c                CScreenDevice::GetColumns() const
                0x0000b5ac                CScreenDevice::GetRows() const
                0x0000b5cc                CScreenDevice::GetStatus()
                0x0000b63c                CScreenDevice::SetStatus(TScreenStatus)
                0x0000b758                CScreenDevice::CarriageReturn()
                0x0000b764                CScreenDevice::CursorHome()
                0x0000b778                CScreenDevice::CursorLeft()
                0x0000b7e4                CScreenDevice::CursorMove(unsigned int, unsigned int)
                0x0000b844                CScreenDevice::CursorUp()
                0x0000b874                CScreenDevice::DeleteChars(unsigned int)
                0x0000b878                CScreenDevice::DeleteLines(unsigned int)
                0x0000b87c                CScreenDevice::InsertLines(unsigned int)
                0x0000b880                CScreenDevice::InsertMode(int)
                0x0000b888                CScreenDevice::ReverseScroll()
                0x0000b88c                CScreenDevice::SetCursorMode(int)
                0x0000b894                CScreenDevice::SetScrollRegion(unsigned int, unsigned int)
                0x0000b914                CScreenDevice::SetStandoutMode(unsigned int)
                0x0000b9b4                CScreenDevice::Scroll()
                0x0000ba58                CScreenDevice::CursorDown()
                0x0000baa4                CScreenDevice::NewLine()
                0x0000bab0                CScreenDevice::CursorRight()
                0x0000baec                CScreenDevice::Tabulator()
                0x0000bb38                CScreenDevice::DisplayChar(char, unsigned int, unsigned int, unsigned short)
                0x0000bc0c                CScreenDevice::DisplayChar(char)
                0x0000bc48                CScreenDevice::EraseChar(unsigned int, unsigned int)
                0x0000bcdc                CScreenDevice::ClearLineEnd()
                0x0000bd24                CScreenDevice::ClearDisplayEnd()
                0x0000bd6c                CScreenDevice::Initialize()
                0x0000bf40                CScreenDevice::EraseChars(unsigned int)
                0x0000bf4c                CScreenDevice::Write(char)
                0x0000c454                CScreenDevice::Write(void const*, unsigned int)
                0x0000c51c                CScreenDevice::InvertCursor()
                0x0000c52c                CScreenDevice::SetPixel(unsigned int, unsigned int, unsigned short)
                0x0000c558                CScreenDevice::GetPixel(unsigned int, unsigned int)
                0x0000c590                CScreenDevice::Rotor(unsigned int, unsigned int)
 .text          0x0000c5ec       0x88 ../Raspberry Metal Lib/libcircle.a(ScreenDeviceExt.o)
                0x0000c5ec                CScreenDeviceExt::~CScreenDeviceExt()
                0x0000c5ec                CScreenDeviceExt::~CScreenDeviceExt()
                0x0000c60c                CScreenDeviceExt::~CScreenDeviceExt()
                0x0000c634                CScreenDeviceExt::CScreenDeviceExt(unsigned int, unsigned int, int)
                0x0000c634                CScreenDeviceExt::CScreenDeviceExt(unsigned int, unsigned int, int)
                0x0000c654                CScreenDeviceExt::DrawLine(int, int, int, int, unsigned short)
 .text          0x0000c674       0x88 ../Raspberry Metal Lib/libcircle.a(assert.o)
                0x0000c674                assertion_failed
 .text          0x0000c6fc       0xa8 ../Raspberry Metal Lib/libcircle.a(chargenerator.o)
                0x0000c6fc                CCharGenerator::CCharGenerator()
                0x0000c6fc                CCharGenerator::CCharGenerator()
                0x0000c708                CCharGenerator::~CCharGenerator()
                0x0000c708                CCharGenerator::~CCharGenerator()
                0x0000c70c                CCharGenerator::GetCharWidth() const
                0x0000c714                CCharGenerator::GetCharHeight() const
                0x0000c71c                CCharGenerator::GetUnderline() const
                0x0000c724                CCharGenerator::GetPixel(char, unsigned int, unsigned int) const
 .text          0x0000c7a4      0x194 ../Raspberry Metal Lib/libcircle.a(debug.o)
                0x0000c7a4                debug_hexdump(void const*, unsigned int, char const*)
                0x0000c8ac                debug_stacktrace(unsigned int const*, char const*)
 .text          0x0000c938      0x2a4 ../Raspberry Metal Lib/libcircle.a(devicenameservice.o)
                0x0000c938                CDeviceNameService::CDeviceNameService()
                0x0000c938                CDeviceNameService::CDeviceNameService()
                0x0000c984                CDeviceNameService::~CDeviceNameService()
                0x0000c984                CDeviceNameService::~CDeviceNameService()
                0x0000c9e4                CDeviceNameService::AddDevice(char const*, CDevice*, int)
                0x0000ca9c                CDeviceNameService::GetDevice(char const*, int)
                0x0000cba4                CDeviceNameService::Get()
 .text          0x0000cbdc      0x468 ../Raspberry Metal Lib/libcircle.a(logger.o)
                0x0000cbdc                CLogger::CLogger(unsigned int, CTimer*)
                0x0000cbdc                CLogger::CLogger(unsigned int, CTimer*)
                0x0000cc24                CLogger::~CLogger()
                0x0000cc24                CLogger::~CLogger()
                0x0000cc54                CLogger::Get()
                0x0000cc64                CLogger::Write(char const*)
                0x0000cd10                CLogger::Read(void*, unsigned int)
                0x0000cddc                CLogger::WriteV(char const*, TLogSeverity, char const*, std::__va_list)
                0x0000cfd0                CLogger::Write(char const*, TLogSeverity, char const*, ...)
                0x0000d000                CLogger::Initialize(CDevice*)
 *fill*         0x0000d044        0x4 
 .text          0x0000d048      0xac0 ../Raspberry Metal Lib/libcircle.a(string.o)
                0x0000d048                CString::~CString()
                0x0000d048                CString::~CString()
                0x0000d074                CString::~CString()
                0x0000d118                CString::CString()
                0x0000d118                CString::CString()
                0x0000d130                CString::CString(char const*)
                0x0000d130                CString::CString(char const*)
                0x0000d170                CString::operator char const*() const
                0x0000d188                CString::operator=(char const*)
                0x0000d1cc                CString::GetLength() const
                0x0000d1dc                CString::Append(char const*)
                0x0000d260                CString::Compare(char const*) const
                0x0000d268                CString::Find(char) const
                0x0000d2bc                CString::PutChar(char, unsigned int)
                0x0000d2fc                CString::PutString(char const*)
                0x0000d340                CString::ReserveSpace(unsigned int)
                0x0000d34c                CString::ntoa(char*, unsigned long, unsigned int, int)
                0x0000d40c                CString::ftoa(char*, double, unsigned int)
                0x0000d574                CString::FormatV(char const*, std::__va_list)
                0x0000dad8                CString::Format(char const*, ...)
 .text          0x0000db08       0x10 ../Raspberry Metal Lib/libcircle.a(delayloop.o)
                0x0000db08                DelayLoop
 .text          0x0000db18      0x408 ../Raspberry Metal Lib/libcircle.a(interrupt.o)
                0x0000db18                CInterruptSystem::CInterruptSystem()
                0x0000db18                CInterruptSystem::CInterruptSystem()
                0x0000db54                CInterruptSystem::~CInterruptSystem()
                0x0000db54                CInterruptSystem::~CInterruptSystem()
                0x0000db68                CInterruptSystem::Initialize()
                0x0000dbbc                CInterruptSystem::EnableIRQ(unsigned int)
                0x0000dc3c                CInterruptSystem::ConnectIRQ(unsigned int, void (*)(void*), void*)
                0x0000dcac                CInterruptSystem::DisableIRQ(unsigned int)
                0x0000dd2c                CInterruptSystem::DisconnectIRQ(unsigned int)
                0x0000dda8                CInterruptSystem::Get()
                0x0000dde0                CInterruptSystem::CallIRQHandler(unsigned int)
                0x0000de4c                CInterruptSystem::InterruptHandler()
                0x0000df08                InterruptHandler
 .text          0x0000df20      0x380 ../Raspberry Metal Lib/libcircle.a(gpiomanager.o)
                0x0000df20                CGPIOManager::CGPIOManager(CInterruptSystem*)
                0x0000df20                CGPIOManager::CGPIOManager(CInterruptSystem*)
                0x0000df4c                CGPIOManager::~CGPIOManager()
                0x0000df4c                CGPIOManager::~CGPIOManager()
                0x0000dfcc                CGPIOManager::Initialize()
                0x0000e04c                CGPIOManager::ConnectInterrupt(CGPIOPin*)
                0x0000e0f0                CGPIOManager::DisconnectInterrupt(CGPIOPin*)
                0x0000e1a8                CGPIOManager::InterruptHandler()
                0x0000e264                CGPIOManager::InterruptStub(void*)
 .text          0x0000e2a0      0x1d8 ../Raspberry Metal Lib/libcircle.a(virtualgpiopin.o)
                0x0000e2a0                CVirtualGPIOPin::~CVirtualGPIOPin()
                0x0000e2a0                CVirtualGPIOPin::~CVirtualGPIOPin()
                0x0000e2a4                CVirtualGPIOPin::~CVirtualGPIOPin()
                0x0000e2b8                CVirtualGPIOPin::Write(unsigned int)
                0x0000e388                CVirtualGPIOPin::CVirtualGPIOPin(unsigned int)
                0x0000e388                CVirtualGPIOPin::CVirtualGPIOPin(unsigned int)
                0x0000e46c                CVirtualGPIOPin::Invert()
 .text.startup  0x0000e478       0x14 ../Raspberry Metal Lib/libcircle.a(virtualgpiopin.o)
 .text          0x0000e48c      0x404 ../Raspberry Metal Lib/libcircle.a(machineinfo.o)
                0x0000e48c                CMachineInfo::CMachineInfo()
                0x0000e48c                CMachineInfo::CMachineInfo()
                0x0000e654                CMachineInfo::~CMachineInfo()
                0x0000e654                CMachineInfo::~CMachineInfo()
                0x0000e678                CMachineInfo::GetMachineModel() const
                0x0000e680                CMachineInfo::GetMachineName() const
                0x0000e698                CMachineInfo::GetModelMajor() const
                0x0000e6a0                CMachineInfo::GetModelRevision() const
                0x0000e6a8                CMachineInfo::GetSoCType() const
                0x0000e6b0                CMachineInfo::GetRAMSize() const
                0x0000e6b8                CMachineInfo::GetSoCName() const
                0x0000e6d0                CMachineInfo::GetRevisionRaw() const
                0x0000e6d8                CMachineInfo::GetClockRate(unsigned int) const
                0x0000e7a4                CMachineInfo::GetGPIOPin(TGPIOVirtualPin) const
                0x0000e818                CMachineInfo::GetDevice(TDeviceId) const
                0x0000e854                CMachineInfo::Get()
 .text          0x0000e890      0x4a8 ../Raspberry Metal Lib/libcircle.a(ptrlist.o)
                0x0000e890                CPtrList::CPtrList()
                0x0000e890                CPtrList::CPtrList()
                0x0000e89c                CPtrList::~CPtrList()
                0x0000e89c                CPtrList::~CPtrList()
                0x0000e8d0                CPtrList::GetFirst()
                0x0000e8d8                CPtrList::GetNext(TPtrListElement*)
                0x0000e930                CPtrList::GetPtr(TPtrListElement*)
                0x0000e988                CPtrList::InsertBefore(TPtrListElement*, void*)
                0x0000ea88                CPtrList::InsertAfter(TPtrListElement*, void*)
                0x0000eb84                CPtrList::Remove(TPtrListElement*)
                0x0000eccc                CPtrList::Find(void*)
 .text          0x0000ed38      0x49c ../Raspberry Metal Lib/libcircle.a(alloc.o)
                0x0000ed38                mem_init
                0x0000ed74                mem_get_size
                0x0000ed9c                malloc
                0x0000ef60                free
                0x0000f080                palloc
                0x0000f170                pfree
 .text.startup  0x0000f1d4       0x18 ../Raspberry Metal Lib/libcircle.a(alloc.o)
 .text          0x0000f1ec      0x178 ../Raspberry Metal Lib/libcircle.a(bcmmailbox.o)
                0x0000f1ec                CBcmMailBox::CBcmMailBox(unsigned int)
                0x0000f1ec                CBcmMailBox::CBcmMailBox(unsigned int)
                0x0000f1f8                CBcmMailBox::~CBcmMailBox()
                0x0000f1f8                CBcmMailBox::~CBcmMailBox()
                0x0000f1fc                CBcmMailBox::Flush()
                0x0000f230                CBcmMailBox::Read()
                0x0000f264                CBcmMailBox::Write(unsigned int)
                0x0000f2b8                CBcmMailBox::WriteRead(unsigned int)
 .text          0x0000f364       0x30 ../Raspberry Metal Lib/libcircle.a(libstub.o)
                0x0000f364                __aeabi_uidiv
                0x0000f374                __aeabi_uidivmod
                0x0000f390                __aeabi_idiv
 .text          0x0000f394      0x528 ../Raspberry Metal Lib/libcircle.a(util.o)
                0x0000f394                memset
                0x0000f3b8                memcmp
                0x0000f414                strlen
                0x0000f43c                strcmp
                0x0000f4cc                strcpy
                0x0000f4f8                strncpy
                0x0000f548                strcat
                0x0000f58c                strchr
                0x0000f5cc                strtok_r
                0x0000f6b0                strtoul
                0x0000f844                char2int
                0x0000f848                sign
                0x0000f85c                abs
                0x0000f870                sqrt3
 .text          0x0000f8bc      0x3c0 ../Raspberry Metal Lib/libcircle.a(bcmframebuffer.o)
                0x0000f944                CBcmFrameBuffer::CBcmFrameBuffer(unsigned int, unsigned int, unsigned int, unsigned int, unsigned int)
                0x0000f944                CBcmFrameBuffer::CBcmFrameBuffer(unsigned int, unsigned int, unsigned int, unsigned int, unsigned int)
                0x0000fa7c                CBcmFrameBuffer::~CBcmFrameBuffer()
                0x0000fa7c                CBcmFrameBuffer::~CBcmFrameBuffer()
                0x0000fa94                CBcmFrameBuffer::SetPalette(unsigned char, unsigned short)
                0x0000fad0                CBcmFrameBuffer::SetPalette32(unsigned char, unsigned int)
                0x0000fae8                CBcmFrameBuffer::Initialize()
                0x0000fbac                CBcmFrameBuffer::GetWidth() const
                0x0000fbb4                CBcmFrameBuffer::GetHeight() const
                0x0000fbbc                CBcmFrameBuffer::GetVirtWidth() const
                0x0000fbc4                CBcmFrameBuffer::GetVirtHeight() const
                0x0000fbcc                CBcmFrameBuffer::GetPitch() const
                0x0000fbd4                CBcmFrameBuffer::GetDepth() const
                0x0000fbdc                CBcmFrameBuffer::GetBuffer() const
                0x0000fbe4                CBcmFrameBuffer::GetSize() const
                0x0000fbec                CBcmFrameBuffer::UpdatePalette()
                0x0000fc04                CBcmFrameBuffer::SetVirtualOffset(unsigned int, unsigned int)
 .text          0x0000fc7c       0x44 ../Raspberry Metal Lib/libcircle.a(device.o)
                0x0000fc7c                CDevice::~CDevice()
                0x0000fc7c                CDevice::~CDevice()
                0x0000fc80                CDevice::Read(void*, unsigned int)
                0x0000fc88                CDevice::Write(void const*, unsigned int)
                0x0000fc90                CDevice::Seek(unsigned long long)
                0x0000fc9c                CDevice::~CDevice()
                0x0000fcb0                CDevice::CDevice()
                0x0000fcb0                CDevice::CDevice()
 .text          0x0000fcc0       0xd0 ../Raspberry Metal Lib/libcircle.a(exceptionstub.o)
                0x0000fcc0                UndefinedInstructionStub
                0x0000fd00                PrefetchAbortStub
                0x0000fd40                DataAbortStub
                0x0000fd80                IRQStub
 .text          0x0000fd90      0x128 ../Raspberry Metal Lib/libcircle.a(libhelper.o)
                0x0000fd90                __Divide
                0x0000fe64                __DivideInteger
 .text          0x0000feb8      0x21c ../Raspberry Metal Lib/libcircle.a(exceptionhandler.o)
                0x0000feb8                CExceptionHandler::CExceptionHandler()
                0x0000feb8                CExceptionHandler::CExceptionHandler()
                0x0000ff48                CExceptionHandler::~CExceptionHandler()
                0x0000ff48                CExceptionHandler::~CExceptionHandler()
                0x0000ff5c                CExceptionHandler::Throw(unsigned int)
                0x0000ff9c                CExceptionHandler::Throw(unsigned int, TAbortFrame*)
                0x00010074                CExceptionHandler::Get()
                0x000100ac                ExceptionHandler
                0x000100d4                _etext = .

.glue_7         0x000100d4        0x0
 .glue_7        0x000100d4        0x0 linker stubs

.glue_7t        0x000100d4        0x0
 .glue_7t       0x000100d4        0x0 linker stubs

.vfp11_veneer   0x000100d4        0x0
 .vfp11_veneer  0x000100d4        0x0 linker stubs

.v4_bx          0x000100d4        0x0
 .v4_bx         0x000100d4        0x0 linker stubs

.iplt           0x000100d4        0x0
 .iplt          0x000100d4        0x0 ../Raspberry Metal Lib/startup.o

.rodata         0x000100d8     0x1d5c
 *(.rodata*)
 .rodata.str1.4
                0x000100d8       0x53 kernel.o
                                 0x54 (size before relaxing)
 *fill*         0x0001012b        0x1 
 .rodata.str1.4
                0x0001012c       0x98 ../Raspberry Metal Lib/libcircle.a(bcmpropertytags.o)
 *fill*         0x000101c4        0x4 
 .rodata        0x000101c8       0x28 ../Raspberry Metal Lib/libcircle.a(gpiopin.o)
                0x000101e0                vtable for CGPIOPin
 .rodata.str1.4
                0x000101f0      0x29d ../Raspberry Metal Lib/libcircle.a(gpiopin.o)
                                0x2a0 (size before relaxing)
 *fill*         0x0001048d        0x3 
 .rodata.str1.4
                0x00010490       0x94 ../Raspberry Metal Lib/libcircle.a(memory.o)
 .rodata.str1.4
                0x00010524       0x28 ../Raspberry Metal Lib/libcircle.a(synchronize.o)
 .rodata        0x0001054c       0x38 ../Raspberry Metal Lib/libcircle.a(timer.o)
                0x0001054c                CTimer::s_nDaysOfMonth
 .rodata.str1.4
                0x00010584      0x158 ../Raspberry Metal Lib/libcircle.a(timer.o)
                                0x168 (size before relaxing)
 .rodata.str1.4
                0x000106dc       0x62 ../Raspberry Metal Lib/libcircle.a(koptions.o)
                                 0x64 (size before relaxing)
 *fill*         0x0001073e        0x2 
 .rodata.str1.4
                0x00010740       0x3e ../Raspberry Metal Lib/libcircle.a(pagetable.o)
                                 0x40 (size before relaxing)
 *fill*         0x0001077e        0x2 
 .rodata        0x00010780       0x28 ../Raspberry Metal Lib/libcircle.a(screen.o)
                0x00010780                vtable for CScreenDevice
 .rodata.str1.4
                0x000107a8        0x8 ../Raspberry Metal Lib/libcircle.a(screen.o)
 .rodata        0x000107a8       0x20 ../Raspberry Metal Lib/libcircle.a(ScreenDeviceExt.o)
                0x000107a8                vtable for CScreenDeviceExt
 .rodata.str1.4
                0x000107c8       0x1d ../Raspberry Metal Lib/libcircle.a(assert.o)
                                 0x20 (size before relaxing)
 *fill*         0x000107e5        0x3 
 .rodata        0x000107e8      0xdf0 ../Raspberry Metal Lib/libcircle.a(chargenerator.o)
 .rodata.str1.4
                0x000115d8       0x2a ../Raspberry Metal Lib/libcircle.a(chargenerator.o)
                                 0x2c (size before relaxing)
 *fill*         0x00011602        0x2 
 .rodata        0x00011604        0x8 ../Raspberry Metal Lib/libcircle.a(debug.o)
 .rodata.str1.4
                0x0001160c       0x8e ../Raspberry Metal Lib/libcircle.a(debug.o)
                                 0x90 (size before relaxing)
 *fill*         0x0001169a        0x2 
 .rodata.str1.4
                0x0001169c       0x70 ../Raspberry Metal Lib/libcircle.a(devicenameservice.o)
 .rodata.str1.4
                0x0001170c       0x3a ../Raspberry Metal Lib/libcircle.a(logger.o)
                                 0x40 (size before relaxing)
 *fill*         0x00011746        0x2 
 .rodata        0x00011748       0x10 ../Raspberry Metal Lib/libcircle.a(string.o)
                0x00011748                vtable for CString
 .rodata.str1.4
                0x00011758        0x9 ../Raspberry Metal Lib/libcircle.a(string.o)
                                 0x10 (size before relaxing)
 *fill*         0x00011761        0x3 
 .rodata.str1.4
                0x00011764       0x5a ../Raspberry Metal Lib/libcircle.a(interrupt.o)
                                 0x6c (size before relaxing)
 *fill*         0x000117be        0x2 
 .rodata.str1.4
                0x000117c0       0x88 ../Raspberry Metal Lib/libcircle.a(gpiomanager.o)
                                 0x9c (size before relaxing)
 .rodata        0x00011848       0x10 ../Raspberry Metal Lib/libcircle.a(virtualgpiopin.o)
                0x00011848                vtable for CVirtualGPIOPin
 .rodata        0x00011858      0x1ac ../Raspberry Metal Lib/libcircle.a(machineinfo.o)
 .rodata.str1.4
                0x00011a04       0xf3 ../Raspberry Metal Lib/libcircle.a(machineinfo.o)
                                0x110 (size before relaxing)
 *fill*         0x00011af7        0x1 
 .rodata.str1.4
                0x00011af8      0x176 ../Raspberry Metal Lib/libcircle.a(ptrlist.o)
                                0x178 (size before relaxing)
 *fill*         0x00011c6e        0x2 
 .rodata.str1.4
                0x00011c70       0xa8 ../Raspberry Metal Lib/libcircle.a(alloc.o)
 .rodata.str1.4
                0x00011d18       0x23 ../Raspberry Metal Lib/libcircle.a(bcmmailbox.o)
                                 0x24 (size before relaxing)
 *fill*         0x00011d3b        0x5 
 .rodata        0x00011d40       0x20 ../Raspberry Metal Lib/libcircle.a(device.o)
                0x00011d40                vtable for CDevice
 .rodata.str1.4
                0x00011d60        0xe ../Raspberry Metal Lib/libcircle.a(libhelper.o)
                                 0x14 (size before relaxing)
 *fill*         0x00011d6e        0x2 
 .rodata        0x00011d70        0x8 ../Raspberry Metal Lib/libcircle.a(exceptionhandler.o)
 .rodata.str1.4
                0x00011d78       0xbc ../Raspberry Metal Lib/libcircle.a(exceptionhandler.o)
                                 0xdc (size before relaxing)
                0x00011e34                __init_start = .

.rel.dyn        0x00011e34        0x0
 .rel.iplt      0x00011e34        0x0 ../Raspberry Metal Lib/startup.o

.init_array     0x00011e34        0xc
 *(.init_array*)
 .init_array    0x00011e34        0x4 ../Raspberry Metal Lib/libcircle.a(gpiopin.o)
 .init_array    0x00011e38        0x4 ../Raspberry Metal Lib/libcircle.a(virtualgpiopin.o)
 .init_array    0x00011e3c        0x4 ../Raspberry Metal Lib/libcircle.a(alloc.o)
                0x00011e40                __init_end = .

.data           0x00011e40      0xac0
 *(.data*)
 .data          0x00011e40        0x0 ../Raspberry Metal Lib/startup.o
 .data          0x00011e40        0x0 main.o
 .data          0x00011e40      0x9d8 kernel.o
                0x00011e40                sinTable
 .data          0x00012818        0x0 ../Raspberry Metal Lib/libcircle.a(actled.o)
 .data          0x00012818        0x0 ../Raspberry Metal Lib/libcircle.a(bcmpropertytags.o)
 .data          0x00012818        0x0 ../Raspberry Metal Lib/libcircle.a(gpiopin.o)
 .data          0x00012818        0x0 ../Raspberry Metal Lib/libcircle.a(memory.o)
 .data          0x00012818        0x0 ../Raspberry Metal Lib/libcircle.a(new.o)
 .data          0x00012818        0x0 ../Raspberry Metal Lib/libcircle.a(synchronize.o)
 .data          0x00012818        0x0 ../Raspberry Metal Lib/libcircle.a(sysinit.o)
 .data          0x00012818       0x30 ../Raspberry Metal Lib/libcircle.a(timer.o)
                0x00012818                CTimer::s_pMonthName
 .data          0x00012848        0x0 ../Raspberry Metal Lib/libcircle.a(util_fast.o)
 .data          0x00012848        0x0 ../Raspberry Metal Lib/libcircle.a(koptions.o)
 .data          0x00012848        0x0 ../Raspberry Metal Lib/libcircle.a(pagetable.o)
 .data          0x00012848        0x0 ../Raspberry Metal Lib/libcircle.a(screen.o)
 .data          0x00012848        0x0 ../Raspberry Metal Lib/libcircle.a(ScreenDeviceExt.o)
 .data          0x00012848        0x0 ../Raspberry Metal Lib/libcircle.a(assert.o)
 .data          0x00012848        0x0 ../Raspberry Metal Lib/libcircle.a(chargenerator.o)
 .data          0x00012848        0x0 ../Raspberry Metal Lib/libcircle.a(debug.o)
 .data          0x00012848        0x0 ../Raspberry Metal Lib/libcircle.a(devicenameservice.o)
 .data          0x00012848        0x0 ../Raspberry Metal Lib/libcircle.a(logger.o)
 .data          0x00012848        0x0 ../Raspberry Metal Lib/libcircle.a(string.o)
 .data          0x00012848        0x0 ../Raspberry Metal Lib/libcircle.a(delayloop.o)
 .data          0x00012848        0x0 ../Raspberry Metal Lib/libcircle.a(interrupt.o)
 .data          0x00012848        0x0 ../Raspberry Metal Lib/libcircle.a(gpiomanager.o)
 .data          0x00012848        0x0 ../Raspberry Metal Lib/libcircle.a(virtualgpiopin.o)
 .data          0x00012848        0x0 ../Raspberry Metal Lib/libcircle.a(machineinfo.o)
 .data          0x00012848        0x0 ../Raspberry Metal Lib/libcircle.a(ptrlist.o)
 .data          0x00012848       0x38 ../Raspberry Metal Lib/libcircle.a(alloc.o)
 .data          0x00012880        0x0 ../Raspberry Metal Lib/libcircle.a(bcmmailbox.o)
 .data          0x00012880        0x0 ../Raspberry Metal Lib/libcircle.a(libstub.o)
 .data          0x00012880        0x0 ../Raspberry Metal Lib/libcircle.a(util.o)
 .data          0x00012880       0x70 ../Raspberry Metal Lib/libcircle.a(bcmframebuffer.o)
 .data          0x000128f0        0x0 ../Raspberry Metal Lib/libcircle.a(device.o)
 .data          0x000128f0        0x0 ../Raspberry Metal Lib/libcircle.a(exceptionstub.o)
 .data          0x000128f0        0x0 ../Raspberry Metal Lib/libcircle.a(libhelper.o)
 .data          0x000128f0       0x10 ../Raspberry Metal Lib/libcircle.a(exceptionhandler.o)
                0x000128f0                CExceptionHandler::s_pExceptionName
                0x00012900                __bss_start = .

.igot.plt       0x00012900        0x0
 .igot.plt      0x00012900        0x0 ../Raspberry Metal Lib/startup.o

.bss            0x00012900       0x54
 *(.bss*)
 .bss           0x00012900        0x0 ../Raspberry Metal Lib/startup.o
 .bss           0x00012900        0x0 main.o
 .bss           0x00012900        0x0 kernel.o
 .bss           0x00012900        0x4 ../Raspberry Metal Lib/libcircle.a(actled.o)
                0x00012900                CActLED::s_pThis
 .bss           0x00012904        0x0 ../Raspberry Metal Lib/libcircle.a(bcmpropertytags.o)
 .bss           0x00012904        0x4 ../Raspberry Metal Lib/libcircle.a(gpiopin.o)
                0x00012904                CGPIOPin::s_SpinLock
 .bss           0x00012908        0x0 ../Raspberry Metal Lib/libcircle.a(memory.o)
 .bss           0x00012908        0x0 ../Raspberry Metal Lib/libcircle.a(new.o)
 .bss           0x00012908        0x8 ../Raspberry Metal Lib/libcircle.a(synchronize.o)
 .bss           0x00012910        0x4 ../Raspberry Metal Lib/libcircle.a(sysinit.o)
                0x00012910                __dso_handle
 .bss           0x00012914        0x4 ../Raspberry Metal Lib/libcircle.a(timer.o)
                0x00012914                CTimer::s_pThis
 .bss           0x00012918        0x0 ../Raspberry Metal Lib/libcircle.a(util_fast.o)
 .bss           0x00012918        0x4 ../Raspberry Metal Lib/libcircle.a(koptions.o)
                0x00012918                CKernelOptions::s_pThis
 .bss           0x0001291c        0x0 ../Raspberry Metal Lib/libcircle.a(pagetable.o)
 .bss           0x0001291c        0x0 ../Raspberry Metal Lib/libcircle.a(screen.o)
 .bss           0x0001291c        0x0 ../Raspberry Metal Lib/libcircle.a(ScreenDeviceExt.o)
 .bss           0x0001291c        0x0 ../Raspberry Metal Lib/libcircle.a(assert.o)
 .bss           0x0001291c        0x0 ../Raspberry Metal Lib/libcircle.a(chargenerator.o)
 .bss           0x0001291c        0x0 ../Raspberry Metal Lib/libcircle.a(debug.o)
 .bss           0x0001291c        0x4 ../Raspberry Metal Lib/libcircle.a(devicenameservice.o)
                0x0001291c                CDeviceNameService::s_This
 .bss           0x00012920        0x4 ../Raspberry Metal Lib/libcircle.a(logger.o)
                0x00012920                CLogger::s_pThis
 .bss           0x00012924        0x0 ../Raspberry Metal Lib/libcircle.a(string.o)
 .bss           0x00012924        0x0 ../Raspberry Metal Lib/libcircle.a(delayloop.o)
 .bss           0x00012924        0x4 ../Raspberry Metal Lib/libcircle.a(interrupt.o)
                0x00012924                CInterruptSystem::s_pThis
 .bss           0x00012928        0x0 ../Raspberry Metal Lib/libcircle.a(gpiomanager.o)
 .bss           0x00012928        0x8 ../Raspberry Metal Lib/libcircle.a(virtualgpiopin.o)
                0x00012928                CVirtualGPIOPin::s_nGPIOBaseAddress
                0x0001292c                CVirtualGPIOPin::s_SpinLock
 .bss           0x00012930        0x4 ../Raspberry Metal Lib/libcircle.a(machineinfo.o)
                0x00012930                CMachineInfo::s_pThis
 .bss           0x00012934        0x0 ../Raspberry Metal Lib/libcircle.a(ptrlist.o)
 .bss           0x00012934       0x1c ../Raspberry Metal Lib/libcircle.a(alloc.o)
 .bss           0x00012950        0x0 ../Raspberry Metal Lib/libcircle.a(bcmmailbox.o)
 .bss           0x00012950        0x0 ../Raspberry Metal Lib/libcircle.a(libstub.o)
 .bss           0x00012950        0x0 ../Raspberry Metal Lib/libcircle.a(util.o)
 .bss           0x00012950        0x0 ../Raspberry Metal Lib/libcircle.a(bcmframebuffer.o)
 .bss           0x00012950        0x0 ../Raspberry Metal Lib/libcircle.a(device.o)
 .bss           0x00012950        0x0 ../Raspberry Metal Lib/libcircle.a(exceptionstub.o)
 .bss           0x00012950        0x0 ../Raspberry Metal Lib/libcircle.a(libhelper.o)
 .bss           0x00012950        0x4 ../Raspberry Metal Lib/libcircle.a(exceptionhandler.o)
                0x00012950                CExceptionHandler::s_pThis
                0x00012954                _end = .
LOAD ../Raspberry Metal Lib/startup.o
LOAD main.o
LOAD kernel.o
LOAD ../Raspberry Metal Lib/libcircle.a
OUTPUT(kernel.elf elf32-littlearm)

.ARM.attributes
                0x00000000       0x2e
 .ARM.attributes
                0x00000000       0x1c ../Raspberry Metal Lib/startup.o
 .ARM.attributes
                0x0000001c       0x32 main.o
 .ARM.attributes
                0x0000004e       0x32 kernel.o
 .ARM.attributes
                0x00000080       0x32 ../Raspberry Metal Lib/libcircle.a(actled.o)
 .ARM.attributes
                0x000000b2       0x32 ../Raspberry Metal Lib/libcircle.a(bcmpropertytags.o)
 .ARM.attributes
                0x000000e4       0x32 ../Raspberry Metal Lib/libcircle.a(gpiopin.o)
 .ARM.attributes
                0x00000116       0x32 ../Raspberry Metal Lib/libcircle.a(memory.o)
 .ARM.attributes
                0x00000148       0x32 ../Raspberry Metal Lib/libcircle.a(new.o)
 .ARM.attributes
                0x0000017a       0x32 ../Raspberry Metal Lib/libcircle.a(synchronize.o)
 .ARM.attributes
                0x000001ac       0x32 ../Raspberry Metal Lib/libcircle.a(sysinit.o)
 .ARM.attributes
                0x000001de       0x32 ../Raspberry Metal Lib/libcircle.a(timer.o)
 .ARM.attributes
                0x00000210       0x1c ../Raspberry Metal Lib/libcircle.a(util_fast.o)
 .ARM.attributes
                0x0000022c       0x32 ../Raspberry Metal Lib/libcircle.a(koptions.o)
 .ARM.attributes
                0x0000025e       0x32 ../Raspberry Metal Lib/libcircle.a(pagetable.o)
 .ARM.attributes
                0x00000290       0x32 ../Raspberry Metal Lib/libcircle.a(screen.o)
 .ARM.attributes
                0x000002c2       0x32 ../Raspberry Metal Lib/libcircle.a(ScreenDeviceExt.o)
 .ARM.attributes
                0x000002f4       0x32 ../Raspberry Metal Lib/libcircle.a(assert.o)
 .ARM.attributes
                0x00000326       0x32 ../Raspberry Metal Lib/libcircle.a(chargenerator.o)
 .ARM.attributes
                0x00000358       0x32 ../Raspberry Metal Lib/libcircle.a(debug.o)
 .ARM.attributes
                0x0000038a       0x32 ../Raspberry Metal Lib/libcircle.a(devicenameservice.o)
 .ARM.attributes
                0x000003bc       0x32 ../Raspberry Metal Lib/libcircle.a(logger.o)
 .ARM.attributes
                0x000003ee       0x32 ../Raspberry Metal Lib/libcircle.a(string.o)
 .ARM.attributes
                0x00000420       0x1c ../Raspberry Metal Lib/libcircle.a(delayloop.o)
 .ARM.attributes
                0x0000043c       0x32 ../Raspberry Metal Lib/libcircle.a(interrupt.o)
 .ARM.attributes
                0x0000046e       0x32 ../Raspberry Metal Lib/libcircle.a(gpiomanager.o)
 .ARM.attributes
                0x000004a0       0x32 ../Raspberry Metal Lib/libcircle.a(virtualgpiopin.o)
 .ARM.attributes
                0x000004d2       0x32 ../Raspberry Metal Lib/libcircle.a(machineinfo.o)
 .ARM.attributes
                0x00000504       0x32 ../Raspberry Metal Lib/libcircle.a(ptrlist.o)
 .ARM.attributes
                0x00000536       0x32 ../Raspberry Metal Lib/libcircle.a(alloc.o)
 .ARM.attributes
                0x00000568       0x32 ../Raspberry Metal Lib/libcircle.a(bcmmailbox.o)
 .ARM.attributes
                0x0000059a       0x1c ../Raspberry Metal Lib/libcircle.a(libstub.o)
 .ARM.attributes
                0x000005b6       0x32 ../Raspberry Metal Lib/libcircle.a(util.o)
 .ARM.attributes
                0x000005e8       0x32 ../Raspberry Metal Lib/libcircle.a(bcmframebuffer.o)
 .ARM.attributes
                0x0000061a       0x32 ../Raspberry Metal Lib/libcircle.a(device.o)
 .ARM.attributes
                0x0000064c       0x1c ../Raspberry Metal Lib/libcircle.a(exceptionstub.o)
 .ARM.attributes
                0x00000668       0x32 ../Raspberry Metal Lib/libcircle.a(libhelper.o)
 .ARM.attributes
                0x0000069a       0x32 ../Raspberry Metal Lib/libcircle.a(exceptionhandler.o)

.comment        0x00000000       0x11
 .comment       0x00000000       0x11 main.o
                                 0x12 (size before relaxing)
 .comment       0x00000011       0x12 kernel.o
 .comment       0x00000011       0x12 ../Raspberry Metal Lib/libcircle.a(actled.o)
 .comment       0x00000011       0x12 ../Raspberry Metal Lib/libcircle.a(bcmpropertytags.o)
 .comment       0x00000011       0x12 ../Raspberry Metal Lib/libcircle.a(gpiopin.o)
 .comment       0x00000011       0x12 ../Raspberry Metal Lib/libcircle.a(memory.o)
 .comment       0x00000011       0x12 ../Raspberry Metal Lib/libcircle.a(new.o)
 .comment       0x00000011       0x12 ../Raspberry Metal Lib/libcircle.a(synchronize.o)
 .comment       0x00000011       0x12 ../Raspberry Metal Lib/libcircle.a(sysinit.o)
 .comment       0x00000011       0x12 ../Raspberry Metal Lib/libcircle.a(timer.o)
 .comment       0x00000011       0x12 ../Raspberry Metal Lib/libcircle.a(koptions.o)
 .comment       0x00000011       0x12 ../Raspberry Metal Lib/libcircle.a(pagetable.o)
 .comment       0x00000011       0x12 ../Raspberry Metal Lib/libcircle.a(screen.o)
 .comment       0x00000011       0x12 ../Raspberry Metal Lib/libcircle.a(ScreenDeviceExt.o)
 .comment       0x00000011       0x12 ../Raspberry Metal Lib/libcircle.a(assert.o)
 .comment       0x00000011       0x12 ../Raspberry Metal Lib/libcircle.a(chargenerator.o)
 .comment       0x00000011       0x12 ../Raspberry Metal Lib/libcircle.a(debug.o)
 .comment       0x00000011       0x12 ../Raspberry Metal Lib/libcircle.a(devicenameservice.o)
 .comment       0x00000011       0x12 ../Raspberry Metal Lib/libcircle.a(logger.o)
 .comment       0x00000011       0x12 ../Raspberry Metal Lib/libcircle.a(string.o)
 .comment       0x00000011       0x12 ../Raspberry Metal Lib/libcircle.a(interrupt.o)
 .comment       0x00000011       0x12 ../Raspberry Metal Lib/libcircle.a(gpiomanager.o)
 .comment       0x00000011       0x12 ../Raspberry Metal Lib/libcircle.a(virtualgpiopin.o)
 .comment       0x00000011       0x12 ../Raspberry Metal Lib/libcircle.a(machineinfo.o)
 .comment       0x00000011       0x12 ../Raspberry Metal Lib/libcircle.a(ptrlist.o)
 .comment       0x00000011       0x12 ../Raspberry Metal Lib/libcircle.a(alloc.o)
 .comment       0x00000011       0x12 ../Raspberry Metal Lib/libcircle.a(bcmmailbox.o)
 .comment       0x00000011       0x12 ../Raspberry Metal Lib/libcircle.a(util.o)
 .comment       0x00000011       0x12 ../Raspberry Metal Lib/libcircle.a(bcmframebuffer.o)
 .comment       0x00000011       0x12 ../Raspberry Metal Lib/libcircle.a(device.o)
 .comment       0x00000011       0x12 ../Raspberry Metal Lib/libcircle.a(libhelper.o)
 .comment       0x00000011       0x12 ../Raspberry Metal Lib/libcircle.a(exceptionhandler.o)

.note.GNU-stack
                0x00000000        0x0
 .note.GNU-stack
                0x00000000        0x0 main.o
 .note.GNU-stack
                0x00000000        0x0 kernel.o
 .note.GNU-stack
                0x00000000        0x0 ../Raspberry Metal Lib/libcircle.a(actled.o)
 .note.GNU-stack
                0x00000000        0x0 ../Raspberry Metal Lib/libcircle.a(bcmpropertytags.o)
 .note.GNU-stack
                0x00000000        0x0 ../Raspberry Metal Lib/libcircle.a(gpiopin.o)
 .note.GNU-stack
                0x00000000        0x0 ../Raspberry Metal Lib/libcircle.a(memory.o)
 .note.GNU-stack
                0x00000000        0x0 ../Raspberry Metal Lib/libcircle.a(new.o)
 .note.GNU-stack
                0x00000000        0x0 ../Raspberry Metal Lib/libcircle.a(synchronize.o)
 .note.GNU-stack
                0x00000000        0x0 ../Raspberry Metal Lib/libcircle.a(sysinit.o)
 .note.GNU-stack
                0x00000000        0x0 ../Raspberry Metal Lib/libcircle.a(timer.o)
 .note.GNU-stack
                0x00000000        0x0 ../Raspberry Metal Lib/libcircle.a(koptions.o)
 .note.GNU-stack
                0x00000000        0x0 ../Raspberry Metal Lib/libcircle.a(pagetable.o)
 .note.GNU-stack
                0x00000000        0x0 ../Raspberry Metal Lib/libcircle.a(screen.o)
 .note.GNU-stack
                0x00000000        0x0 ../Raspberry Metal Lib/libcircle.a(ScreenDeviceExt.o)
 .note.GNU-stack
                0x00000000        0x0 ../Raspberry Metal Lib/libcircle.a(assert.o)
 .note.GNU-stack
                0x00000000        0x0 ../Raspberry Metal Lib/libcircle.a(chargenerator.o)
 .note.GNU-stack
                0x00000000        0x0 ../Raspberry Metal Lib/libcircle.a(debug.o)
 .note.GNU-stack
                0x00000000        0x0 ../Raspberry Metal Lib/libcircle.a(devicenameservice.o)
 .note.GNU-stack
                0x00000000        0x0 ../Raspberry Metal Lib/libcircle.a(logger.o)
 .note.GNU-stack
                0x00000000        0x0 ../Raspberry Metal Lib/libcircle.a(string.o)
 .note.GNU-stack
                0x00000000        0x0 ../Raspberry Metal Lib/libcircle.a(interrupt.o)
 .note.GNU-stack
                0x00000000        0x0 ../Raspberry Metal Lib/libcircle.a(gpiomanager.o)
 .note.GNU-stack
                0x00000000        0x0 ../Raspberry Metal Lib/libcircle.a(virtualgpiopin.o)
 .note.GNU-stack
                0x00000000        0x0 ../Raspberry Metal Lib/libcircle.a(machineinfo.o)
 .note.GNU-stack
                0x00000000        0x0 ../Raspberry Metal Lib/libcircle.a(ptrlist.o)
 .note.GNU-stack
                0x00000000        0x0 ../Raspberry Metal Lib/libcircle.a(alloc.o)
 .note.GNU-stack
                0x00000000        0x0 ../Raspberry Metal Lib/libcircle.a(bcmmailbox.o)
 .note.GNU-stack
                0x00000000        0x0 ../Raspberry Metal Lib/libcircle.a(util.o)
 .note.GNU-stack
                0x00000000        0x0 ../Raspberry Metal Lib/libcircle.a(bcmframebuffer.o)
 .note.GNU-stack
                0x00000000        0x0 ../Raspberry Metal Lib/libcircle.a(device.o)
 .note.GNU-stack
                0x00000000        0x0 ../Raspberry Metal Lib/libcircle.a(libhelper.o)
 .note.GNU-stack
                0x00000000        0x0 ../Raspberry Metal Lib/libcircle.a(exceptionhandler.o)

.debug_info     0x00000000    0x1778b
 .debug_info    0x00000000      0xa85 main.o
 .debug_info    0x00000a85     0x16c7 kernel.o
 .debug_info    0x0000214c      0xecb ../Raspberry Metal Lib/libcircle.a(actled.o)
 .debug_info    0x00003017      0x63c ../Raspberry Metal Lib/libcircle.a(bcmpropertytags.o)
 .debug_info    0x00003653     0x2388 ../Raspberry Metal Lib/libcircle.a(gpiopin.o)
 .debug_info    0x000059db      0xb11 ../Raspberry Metal Lib/libcircle.a(memory.o)
 .debug_info    0x000064ec      0x148 ../Raspberry Metal Lib/libcircle.a(new.o)
 .debug_info    0x00006634      0x179 ../Raspberry Metal Lib/libcircle.a(synchronize.o)
 .debug_info    0x000067ad      0x569 ../Raspberry Metal Lib/libcircle.a(sysinit.o)
 .debug_info    0x00006d16     0x1d46 ../Raspberry Metal Lib/libcircle.a(timer.o)
 .debug_info    0x00008a5c      0xd69 ../Raspberry Metal Lib/libcircle.a(koptions.o)
 .debug_info    0x000097c5      0x469 ../Raspberry Metal Lib/libcircle.a(pagetable.o)
 .debug_info    0x00009c2e     0x2756 ../Raspberry Metal Lib/libcircle.a(screen.o)
 .debug_info    0x0000c384      0x3a9 ../Raspberry Metal Lib/libcircle.a(ScreenDeviceExt.o)
 .debug_info    0x0000c72d      0xb26 ../Raspberry Metal Lib/libcircle.a(assert.o)
 .debug_info    0x0000d253      0x385 ../Raspberry Metal Lib/libcircle.a(chargenerator.o)
 .debug_info    0x0000d5d8      0xb5a ../Raspberry Metal Lib/libcircle.a(debug.o)
 .debug_info    0x0000e132      0x724 ../Raspberry Metal Lib/libcircle.a(devicenameservice.o)
 .debug_info    0x0000e856     0x151e ../Raspberry Metal Lib/libcircle.a(logger.o)
 .debug_info    0x0000fd74     0x1107 ../Raspberry Metal Lib/libcircle.a(string.o)
 .debug_info    0x00010e7b      0x868 ../Raspberry Metal Lib/libcircle.a(interrupt.o)
 .debug_info    0x000116e3      0x8ba ../Raspberry Metal Lib/libcircle.a(gpiomanager.o)
 .debug_info    0x00011f9d      0x833 ../Raspberry Metal Lib/libcircle.a(virtualgpiopin.o)
 .debug_info    0x000127d0      0xb83 ../Raspberry Metal Lib/libcircle.a(machineinfo.o)
 .debug_info    0x00013353      0x77e ../Raspberry Metal Lib/libcircle.a(ptrlist.o)
 .debug_info    0x00013ad1      0x75b ../Raspberry Metal Lib/libcircle.a(alloc.o)
 .debug_info    0x0001422c      0xd39 ../Raspberry Metal Lib/libcircle.a(bcmmailbox.o)
 .debug_info    0x00014f65      0x5e6 ../Raspberry Metal Lib/libcircle.a(util.o)
 .debug_info    0x0001554b      0xcc1 ../Raspberry Metal Lib/libcircle.a(bcmframebuffer.o)
 .debug_info    0x0001620c      0x2f0 ../Raspberry Metal Lib/libcircle.a(device.o)
 .debug_info    0x000164fc      0x37f ../Raspberry Metal Lib/libcircle.a(libhelper.o)
 .debug_info    0x0001687b      0xf10 ../Raspberry Metal Lib/libcircle.a(exceptionhandler.o)

.debug_abbrev   0x00000000     0x61a6
 .debug_abbrev  0x00000000      0x2d2 main.o
 .debug_abbrev  0x000002d2      0x4ec kernel.o
 .debug_abbrev  0x000007be      0x3c9 ../Raspberry Metal Lib/libcircle.a(actled.o)
 .debug_abbrev  0x00000b87      0x246 ../Raspberry Metal Lib/libcircle.a(bcmpropertytags.o)
 .debug_abbrev  0x00000dcd      0x557 ../Raspberry Metal Lib/libcircle.a(gpiopin.o)
 .debug_abbrev  0x00001324      0x2c7 ../Raspberry Metal Lib/libcircle.a(memory.o)
 .debug_abbrev  0x000015eb       0xae ../Raspberry Metal Lib/libcircle.a(new.o)
 .debug_abbrev  0x00001699       0xee ../Raspberry Metal Lib/libcircle.a(synchronize.o)
 .debug_abbrev  0x00001787      0x268 ../Raspberry Metal Lib/libcircle.a(sysinit.o)
 .debug_abbrev  0x000019ef      0x5d4 ../Raspberry Metal Lib/libcircle.a(timer.o)
 .debug_abbrev  0x00001fc3      0x3d3 ../Raspberry Metal Lib/libcircle.a(koptions.o)
 .debug_abbrev  0x00002396      0x20d ../Raspberry Metal Lib/libcircle.a(pagetable.o)
 .debug_abbrev  0x000025a3      0x520 ../Raspberry Metal Lib/libcircle.a(screen.o)
 .debug_abbrev  0x00002ac3      0x1fe ../Raspberry Metal Lib/libcircle.a(ScreenDeviceExt.o)
 .debug_abbrev  0x00002cc1      0x2f3 ../Raspberry Metal Lib/libcircle.a(assert.o)
 .debug_abbrev  0x00002fb4      0x1ad ../Raspberry Metal Lib/libcircle.a(chargenerator.o)
 .debug_abbrev  0x00003161      0x306 ../Raspberry Metal Lib/libcircle.a(debug.o)
 .debug_abbrev  0x00003467      0x2ce ../Raspberry Metal Lib/libcircle.a(devicenameservice.o)
 .debug_abbrev  0x00003735      0x44a ../Raspberry Metal Lib/libcircle.a(logger.o)
 .debug_abbrev  0x00003b7f      0x415 ../Raspberry Metal Lib/libcircle.a(string.o)
 .debug_abbrev  0x00003f94      0x377 ../Raspberry Metal Lib/libcircle.a(interrupt.o)
 .debug_abbrev  0x0000430b      0x322 ../Raspberry Metal Lib/libcircle.a(gpiomanager.o)
 .debug_abbrev  0x0000462d      0x374 ../Raspberry Metal Lib/libcircle.a(virtualgpiopin.o)
 .debug_abbrev  0x000049a1      0x34e ../Raspberry Metal Lib/libcircle.a(machineinfo.o)
 .debug_abbrev  0x00004cef      0x1e9 ../Raspberry Metal Lib/libcircle.a(ptrlist.o)
 .debug_abbrev  0x00004ed8      0x2a9 ../Raspberry Metal Lib/libcircle.a(alloc.o)
 .debug_abbrev  0x00005181      0x3a0 ../Raspberry Metal Lib/libcircle.a(bcmmailbox.o)
 .debug_abbrev  0x00005521      0x231 ../Raspberry Metal Lib/libcircle.a(util.o)
 .debug_abbrev  0x00005752      0x342 ../Raspberry Metal Lib/libcircle.a(bcmframebuffer.o)
 .debug_abbrev  0x00005a94      0x1b1 ../Raspberry Metal Lib/libcircle.a(device.o)
 .debug_abbrev  0x00005c45      0x197 ../Raspberry Metal Lib/libcircle.a(libhelper.o)
 .debug_abbrev  0x00005ddc      0x3ca ../Raspberry Metal Lib/libcircle.a(exceptionhandler.o)

.debug_loc      0x00000000     0x96cf
 .debug_loc     0x00000000       0x1e main.o
 .debug_loc     0x0000001e     0x1036 kernel.o
 .debug_loc     0x00001054      0x27d ../Raspberry Metal Lib/libcircle.a(actled.o)
 .debug_loc     0x000012d1      0x22c ../Raspberry Metal Lib/libcircle.a(bcmpropertytags.o)
 .debug_loc     0x000014fd      0xf58 ../Raspberry Metal Lib/libcircle.a(gpiopin.o)
 .debug_loc     0x00002455      0x262 ../Raspberry Metal Lib/libcircle.a(memory.o)
 .debug_loc     0x000026b7       0x84 ../Raspberry Metal Lib/libcircle.a(new.o)
 .debug_loc     0x0000273b       0x6a ../Raspberry Metal Lib/libcircle.a(synchronize.o)
 .debug_loc     0x000027a5       0x62 ../Raspberry Metal Lib/libcircle.a(sysinit.o)
 .debug_loc     0x00002807     0x1041 ../Raspberry Metal Lib/libcircle.a(timer.o)
 .debug_loc     0x00003848      0x374 ../Raspberry Metal Lib/libcircle.a(koptions.o)
 .debug_loc     0x00003bbc      0x171 ../Raspberry Metal Lib/libcircle.a(pagetable.o)
 .debug_loc     0x00003d2d     0x16f7 ../Raspberry Metal Lib/libcircle.a(screen.o)
 .debug_loc     0x00005424      0x15f ../Raspberry Metal Lib/libcircle.a(ScreenDeviceExt.o)
 .debug_loc     0x00005583       0x84 ../Raspberry Metal Lib/libcircle.a(assert.o)
 .debug_loc     0x00005607      0x1b4 ../Raspberry Metal Lib/libcircle.a(chargenerator.o)
 .debug_loc     0x000057bb      0x16c ../Raspberry Metal Lib/libcircle.a(debug.o)
 .debug_loc     0x00005927      0x36f ../Raspberry Metal Lib/libcircle.a(devicenameservice.o)
 .debug_loc     0x00005c96      0x50b ../Raspberry Metal Lib/libcircle.a(logger.o)
 .debug_loc     0x000061a1      0xd8a ../Raspberry Metal Lib/libcircle.a(string.o)
 .debug_loc     0x00006f2b      0x3bf ../Raspberry Metal Lib/libcircle.a(interrupt.o)
 .debug_loc     0x000072ea      0x37e ../Raspberry Metal Lib/libcircle.a(gpiomanager.o)
 .debug_loc     0x00007668      0x250 ../Raspberry Metal Lib/libcircle.a(virtualgpiopin.o)
 .debug_loc     0x000078b8      0x34a ../Raspberry Metal Lib/libcircle.a(machineinfo.o)
 .debug_loc     0x00007c02      0x33f ../Raspberry Metal Lib/libcircle.a(ptrlist.o)
 .debug_loc     0x00007f41      0x362 ../Raspberry Metal Lib/libcircle.a(alloc.o)
 .debug_loc     0x000082a3      0x1aa ../Raspberry Metal Lib/libcircle.a(bcmmailbox.o)
 .debug_loc     0x0000844d      0x95e ../Raspberry Metal Lib/libcircle.a(util.o)
 .debug_loc     0x00008dab      0x39b ../Raspberry Metal Lib/libcircle.a(bcmframebuffer.o)
 .debug_loc     0x00009146       0x81 ../Raspberry Metal Lib/libcircle.a(device.o)
 .debug_loc     0x000091c7      0x2cd ../Raspberry Metal Lib/libcircle.a(libhelper.o)
 .debug_loc     0x00009494      0x23b ../Raspberry Metal Lib/libcircle.a(exceptionhandler.o)

.debug_aranges  0x00000000      0x418
 .debug_aranges
                0x00000000       0x20 main.o
 .debug_aranges
                0x00000020       0x20 kernel.o
 .debug_aranges
                0x00000040       0x20 ../Raspberry Metal Lib/libcircle.a(actled.o)
 .debug_aranges
                0x00000060       0x20 ../Raspberry Metal Lib/libcircle.a(bcmpropertytags.o)
 .debug_aranges
                0x00000080       0x28 ../Raspberry Metal Lib/libcircle.a(gpiopin.o)
 .debug_aranges
                0x000000a8       0x20 ../Raspberry Metal Lib/libcircle.a(memory.o)
 .debug_aranges
                0x000000c8       0x20 ../Raspberry Metal Lib/libcircle.a(new.o)
 .debug_aranges
                0x000000e8       0x20 ../Raspberry Metal Lib/libcircle.a(synchronize.o)
 .debug_aranges
                0x00000108       0x20 ../Raspberry Metal Lib/libcircle.a(sysinit.o)
 .debug_aranges
                0x00000128       0x20 ../Raspberry Metal Lib/libcircle.a(timer.o)
 .debug_aranges
                0x00000148       0x20 ../Raspberry Metal Lib/libcircle.a(koptions.o)
 .debug_aranges
                0x00000168       0x20 ../Raspberry Metal Lib/libcircle.a(pagetable.o)
 .debug_aranges
                0x00000188       0x20 ../Raspberry Metal Lib/libcircle.a(screen.o)
 .debug_aranges
                0x000001a8       0x20 ../Raspberry Metal Lib/libcircle.a(ScreenDeviceExt.o)
 .debug_aranges
                0x000001c8       0x20 ../Raspberry Metal Lib/libcircle.a(assert.o)
 .debug_aranges
                0x000001e8       0x20 ../Raspberry Metal Lib/libcircle.a(chargenerator.o)
 .debug_aranges
                0x00000208       0x20 ../Raspberry Metal Lib/libcircle.a(debug.o)
 .debug_aranges
                0x00000228       0x20 ../Raspberry Metal Lib/libcircle.a(devicenameservice.o)
 .debug_aranges
                0x00000248       0x20 ../Raspberry Metal Lib/libcircle.a(logger.o)
 .debug_aranges
                0x00000268       0x20 ../Raspberry Metal Lib/libcircle.a(string.o)
 .debug_aranges
                0x00000288       0x20 ../Raspberry Metal Lib/libcircle.a(interrupt.o)
 .debug_aranges
                0x000002a8       0x20 ../Raspberry Metal Lib/libcircle.a(gpiomanager.o)
 .debug_aranges
                0x000002c8       0x28 ../Raspberry Metal Lib/libcircle.a(virtualgpiopin.o)
 .debug_aranges
                0x000002f0       0x20 ../Raspberry Metal Lib/libcircle.a(machineinfo.o)
 .debug_aranges
                0x00000310       0x20 ../Raspberry Metal Lib/libcircle.a(ptrlist.o)
 .debug_aranges
                0x00000330       0x28 ../Raspberry Metal Lib/libcircle.a(alloc.o)
 .debug_aranges
                0x00000358       0x20 ../Raspberry Metal Lib/libcircle.a(bcmmailbox.o)
 .debug_aranges
                0x00000378       0x20 ../Raspberry Metal Lib/libcircle.a(util.o)
 .debug_aranges
                0x00000398       0x20 ../Raspberry Metal Lib/libcircle.a(bcmframebuffer.o)
 .debug_aranges
                0x000003b8       0x20 ../Raspberry Metal Lib/libcircle.a(device.o)
 .debug_aranges
                0x000003d8       0x20 ../Raspberry Metal Lib/libcircle.a(libhelper.o)
 .debug_aranges
                0x000003f8       0x20 ../Raspberry Metal Lib/libcircle.a(exceptionhandler.o)

.debug_ranges   0x00000000     0x1888
 .debug_ranges  0x00000000       0x28 main.o
 .debug_ranges  0x00000028      0x138 kernel.o
 .debug_ranges  0x00000160       0x68 ../Raspberry Metal Lib/libcircle.a(actled.o)
 .debug_ranges  0x000001c8       0x40 ../Raspberry Metal Lib/libcircle.a(bcmpropertytags.o)
 .debug_ranges  0x00000208      0x3b0 ../Raspberry Metal Lib/libcircle.a(gpiopin.o)
 .debug_ranges  0x000005b8       0x78 ../Raspberry Metal Lib/libcircle.a(memory.o)
 .debug_ranges  0x00000630       0x30 ../Raspberry Metal Lib/libcircle.a(sysinit.o)
 .debug_ranges  0x00000660      0x3f8 ../Raspberry Metal Lib/libcircle.a(timer.o)
 .debug_ranges  0x00000a58       0xa0 ../Raspberry Metal Lib/libcircle.a(koptions.o)
 .debug_ranges  0x00000af8       0x48 ../Raspberry Metal Lib/libcircle.a(pagetable.o)
 .debug_ranges  0x00000b40      0x3b8 ../Raspberry Metal Lib/libcircle.a(screen.o)
 .debug_ranges  0x00000ef8       0x20 ../Raspberry Metal Lib/libcircle.a(chargenerator.o)
 .debug_ranges  0x00000f18       0x68 ../Raspberry Metal Lib/libcircle.a(debug.o)
 .debug_ranges  0x00000f80       0xf0 ../Raspberry Metal Lib/libcircle.a(devicenameservice.o)
 .debug_ranges  0x00001070       0xf8 ../Raspberry Metal Lib/libcircle.a(logger.o)
 .debug_ranges  0x00001168      0x108 ../Raspberry Metal Lib/libcircle.a(string.o)
 .debug_ranges  0x00001270       0x70 ../Raspberry Metal Lib/libcircle.a(interrupt.o)
 .debug_ranges  0x000012e0       0xd8 ../Raspberry Metal Lib/libcircle.a(gpiomanager.o)
 .debug_ranges  0x000013b8       0x78 ../Raspberry Metal Lib/libcircle.a(virtualgpiopin.o)
 .debug_ranges  0x00001430       0xa0 ../Raspberry Metal Lib/libcircle.a(machineinfo.o)
 .debug_ranges  0x000014d0       0x30 ../Raspberry Metal Lib/libcircle.a(ptrlist.o)
 .debug_ranges  0x00001500      0x198 ../Raspberry Metal Lib/libcircle.a(alloc.o)
 .debug_ranges  0x00001698       0xb0 ../Raspberry Metal Lib/libcircle.a(bcmmailbox.o)
 .debug_ranges  0x00001748       0x58 ../Raspberry Metal Lib/libcircle.a(util.o)
 .debug_ranges  0x000017a0       0x90 ../Raspberry Metal Lib/libcircle.a(bcmframebuffer.o)
 .debug_ranges  0x00001830       0x20 ../Raspberry Metal Lib/libcircle.a(libhelper.o)
 .debug_ranges  0x00001850       0x38 ../Raspberry Metal Lib/libcircle.a(exceptionhandler.o)

.debug_line     0x00000000     0x3660
 .debug_line    0x00000000      0x118 main.o
 .debug_line    0x00000118      0x2e5 kernel.o
 .debug_line    0x000003fd      0x13c ../Raspberry Metal Lib/libcircle.a(actled.o)
 .debug_line    0x00000539       0xf6 ../Raspberry Metal Lib/libcircle.a(bcmpropertytags.o)
 .debug_line    0x0000062f      0x624 ../Raspberry Metal Lib/libcircle.a(gpiopin.o)
 .debug_line    0x00000c53      0x18a ../Raspberry Metal Lib/libcircle.a(memory.o)
 .debug_line    0x00000ddd       0x52 ../Raspberry Metal Lib/libcircle.a(new.o)
 .debug_line    0x00000e2f       0x85 ../Raspberry Metal Lib/libcircle.a(synchronize.o)
 .debug_line    0x00000eb4       0xc3 ../Raspberry Metal Lib/libcircle.a(sysinit.o)
 .debug_line    0x00000f77      0x4d3 ../Raspberry Metal Lib/libcircle.a(timer.o)
 .debug_line    0x0000144a      0x1a7 ../Raspberry Metal Lib/libcircle.a(koptions.o)
 .debug_line    0x000015f1      0x11f ../Raspberry Metal Lib/libcircle.a(pagetable.o)
 .debug_line    0x00001710      0x541 ../Raspberry Metal Lib/libcircle.a(screen.o)
 .debug_line    0x00001c51       0x9a ../Raspberry Metal Lib/libcircle.a(ScreenDeviceExt.o)
 .debug_line    0x00001ceb       0xc8 ../Raspberry Metal Lib/libcircle.a(assert.o)
 .debug_line    0x00001db3       0xa6 ../Raspberry Metal Lib/libcircle.a(chargenerator.o)
 .debug_line    0x00001e59       0xd7 ../Raspberry Metal Lib/libcircle.a(debug.o)
 .debug_line    0x00001f30      0x1a5 ../Raspberry Metal Lib/libcircle.a(devicenameservice.o)
 .debug_line    0x000020d5      0x21e ../Raspberry Metal Lib/libcircle.a(logger.o)
 .debug_line    0x000022f3      0x2bf ../Raspberry Metal Lib/libcircle.a(string.o)
 .debug_line    0x000025b2      0x1d9 ../Raspberry Metal Lib/libcircle.a(interrupt.o)
 .debug_line    0x0000278b      0x17b ../Raspberry Metal Lib/libcircle.a(gpiomanager.o)
 .debug_line    0x00002906      0x148 ../Raspberry Metal Lib/libcircle.a(virtualgpiopin.o)
 .debug_line    0x00002a4e      0x194 ../Raspberry Metal Lib/libcircle.a(machineinfo.o)
 .debug_line    0x00002be2      0x162 ../Raspberry Metal Lib/libcircle.a(ptrlist.o)
 .debug_line    0x00002d44      0x222 ../Raspberry Metal Lib/libcircle.a(alloc.o)
 .debug_line    0x00002f66      0x1a3 ../Raspberry Metal Lib/libcircle.a(bcmmailbox.o)
 .debug_line    0x00003109      0x151 ../Raspberry Metal Lib/libcircle.a(util.o)
 .debug_line    0x0000325a      0x16d ../Raspberry Metal Lib/libcircle.a(bcmframebuffer.o)
 .debug_line    0x000033c7       0x60 ../Raspberry Metal Lib/libcircle.a(device.o)
 .debug_line    0x00003427       0xc9 ../Raspberry Metal Lib/libcircle.a(libhelper.o)
 .debug_line    0x000034f0      0x170 ../Raspberry Metal Lib/libcircle.a(exceptionhandler.o)

.debug_str      0x00000000     0x3fcb
 .debug_str     0x00000000      0x943 main.o
                                0xa15 (size before relaxing)
 .debug_str     0x00000943      0x181 kernel.o
                                0xb8f (size before relaxing)
 .debug_str     0x00000ac4      0x95b ../Raspberry Metal Lib/libcircle.a(actled.o)
                                0xc69 (size before relaxing)
 .debug_str     0x0000141f       0xbd ../Raspberry Metal Lib/libcircle.a(bcmpropertytags.o)
                                0x422 (size before relaxing)
 .debug_str     0x000014dc      0xb44 ../Raspberry Metal Lib/libcircle.a(gpiopin.o)
                               0x15ad (size before relaxing)
 .debug_str     0x00002020       0xa2 ../Raspberry Metal Lib/libcircle.a(memory.o)
                                0x68d (size before relaxing)
 .debug_str     0x000020c2       0x46 ../Raspberry Metal Lib/libcircle.a(new.o)
                                0x191 (size before relaxing)
 .debug_str     0x00002108       0x7c ../Raspberry Metal Lib/libcircle.a(synchronize.o)
                                0x21f (size before relaxing)
 .debug_str     0x00002184       0x75 ../Raspberry Metal Lib/libcircle.a(sysinit.o)
                                0x673 (size before relaxing)
 .debug_str     0x000021f9      0x2d1 ../Raspberry Metal Lib/libcircle.a(timer.o)
                                0xdb0 (size before relaxing)
 .debug_str     0x000024ca       0x99 ../Raspberry Metal Lib/libcircle.a(koptions.o)
                                0x715 (size before relaxing)
 .debug_str     0x00002563       0x6c ../Raspberry Metal Lib/libcircle.a(pagetable.o)
                                0x2db (size before relaxing)
 .debug_str     0x000025cf      0xbe3 ../Raspberry Metal Lib/libcircle.a(screen.o)
                               0x113e (size before relaxing)
 .debug_str     0x000031b2       0xc6 ../Raspberry Metal Lib/libcircle.a(ScreenDeviceExt.o)
                                0x2ba (size before relaxing)
 .debug_str     0x00003278       0x54 ../Raspberry Metal Lib/libcircle.a(assert.o)
                                0xb9c (size before relaxing)
 .debug_str     0x000032cc       0x6d ../Raspberry Metal Lib/libcircle.a(chargenerator.o)
                                0x30c (size before relaxing)
 .debug_str     0x00003339       0x63 ../Raspberry Metal Lib/libcircle.a(debug.o)
                                0xb7e (size before relaxing)
 .debug_str     0x0000339c       0x83 ../Raspberry Metal Lib/libcircle.a(devicenameservice.o)
                                0x3fe (size before relaxing)
 .debug_str     0x0000341f       0xd2 ../Raspberry Metal Lib/libcircle.a(logger.o)
                               0x110f (size before relaxing)
 .debug_str     0x000034f1      0x21a ../Raspberry Metal Lib/libcircle.a(string.o)
                                0x581 (size before relaxing)
 .debug_str     0x0000370b       0xc2 ../Raspberry Metal Lib/libcircle.a(interrupt.o)
                                0x493 (size before relaxing)
 .debug_str     0x000037cd       0x5b ../Raspberry Metal Lib/libcircle.a(gpiomanager.o)
                                0x5b6 (size before relaxing)
 .debug_str     0x00003828      0x130 ../Raspberry Metal Lib/libcircle.a(virtualgpiopin.o)
                                0x5bc (size before relaxing)
 .debug_str     0x00003958       0xaf ../Raspberry Metal Lib/libcircle.a(machineinfo.o)
                                0x8bd (size before relaxing)
 .debug_str     0x00003a07       0x48 ../Raspberry Metal Lib/libcircle.a(ptrlist.o)
                                0x31c (size before relaxing)
 .debug_str     0x00003a4f      0x12a ../Raspberry Metal Lib/libcircle.a(alloc.o)
                                0x3d5 (size before relaxing)
 .debug_str     0x00003b79       0x3f ../Raspberry Metal Lib/libcircle.a(bcmmailbox.o)
                                0xad7 (size before relaxing)
 .debug_str     0x00003bb8       0xa6 ../Raspberry Metal Lib/libcircle.a(util.o)
                                0x2ab (size before relaxing)
 .debug_str     0x00003c5e      0x120 ../Raspberry Metal Lib/libcircle.a(bcmframebuffer.o)
                                0x850 (size before relaxing)
 .debug_str     0x00003d7e       0xa0 ../Raspberry Metal Lib/libcircle.a(device.o)
                                0x213 (size before relaxing)
 .debug_str     0x00003e1e       0xfb ../Raspberry Metal Lib/libcircle.a(libhelper.o)
                                0x29e (size before relaxing)
 .debug_str     0x00003f19       0xb2 ../Raspberry Metal Lib/libcircle.a(exceptionhandler.o)
                                0xd31 (size before relaxing)

.debug_frame    0x00000000     0x1f6c
 .debug_frame   0x00000000       0x34 main.o
 .debug_frame   0x00000034      0x11c kernel.o
 .debug_frame   0x00000150       0x98 ../Raspberry Metal Lib/libcircle.a(actled.o)
 .debug_frame   0x000001e8       0x84 ../Raspberry Metal Lib/libcircle.a(bcmpropertytags.o)
 .debug_frame   0x0000026c      0x268 ../Raspberry Metal Lib/libcircle.a(gpiopin.o)
 .debug_frame   0x000004d4       0xe0 ../Raspberry Metal Lib/libcircle.a(memory.o)
 .debug_frame   0x000005b4       0x50 ../Raspberry Metal Lib/libcircle.a(new.o)
 .debug_frame   0x00000604       0x58 ../Raspberry Metal Lib/libcircle.a(synchronize.o)
 .debug_frame   0x0000065c       0x60 ../Raspberry Metal Lib/libcircle.a(sysinit.o)
 .debug_frame   0x000006bc      0x288 ../Raspberry Metal Lib/libcircle.a(timer.o)
 .debug_frame   0x00000944      0x11c ../Raspberry Metal Lib/libcircle.a(koptions.o)
 .debug_frame   0x00000a60       0x70 ../Raspberry Metal Lib/libcircle.a(pagetable.o)
 .debug_frame   0x00000ad0      0x4cc ../Raspberry Metal Lib/libcircle.a(screen.o)
 .debug_frame   0x00000f9c       0x68 ../Raspberry Metal Lib/libcircle.a(ScreenDeviceExt.o)
 .debug_frame   0x00001004       0x34 ../Raspberry Metal Lib/libcircle.a(assert.o)
 .debug_frame   0x00001038       0x7c ../Raspberry Metal Lib/libcircle.a(chargenerator.o)
 .debug_frame   0x000010b4       0x68 ../Raspberry Metal Lib/libcircle.a(debug.o)
 .debug_frame   0x0000111c       0xac ../Raspberry Metal Lib/libcircle.a(devicenameservice.o)
 .debug_frame   0x000011c8      0x10c ../Raspberry Metal Lib/libcircle.a(logger.o)
 .debug_frame   0x000012d4      0x238 ../Raspberry Metal Lib/libcircle.a(string.o)
 .debug_frame   0x0000150c      0x13c ../Raspberry Metal Lib/libcircle.a(interrupt.o)
 .debug_frame   0x00001648       0xd4 ../Raspberry Metal Lib/libcircle.a(gpiomanager.o)
 .debug_frame   0x0000171c       0xa8 ../Raspberry Metal Lib/libcircle.a(virtualgpiopin.o)
 .debug_frame   0x000017c4      0x130 ../Raspberry Metal Lib/libcircle.a(machineinfo.o)
 .debug_frame   0x000018f4       0xfc ../Raspberry Metal Lib/libcircle.a(ptrlist.o)
 .debug_frame   0x000019f0       0xc4 ../Raspberry Metal Lib/libcircle.a(alloc.o)
 .debug_frame   0x00001ab4       0x90 ../Raspberry Metal Lib/libcircle.a(bcmmailbox.o)
 .debug_frame   0x00001b44      0x128 ../Raspberry Metal Lib/libcircle.a(util.o)
 .debug_frame   0x00001c6c      0x168 ../Raspberry Metal Lib/libcircle.a(bcmframebuffer.o)
 .debug_frame   0x00001dd4       0x78 ../Raspberry Metal Lib/libcircle.a(device.o)
 .debug_frame   0x00001e4c       0x5c ../Raspberry Metal Lib/libcircle.a(libhelper.o)
 .debug_frame   0x00001ea8       0xc4 ../Raspberry Metal Lib/libcircle.a(exceptionhandler.o)
